// Jest Snapshot v1, https://goo.gl/fbAQLP

exports[`NavBar matches snapshot 1`] = `
<DocumentFragment>
  <div
    class="navbar"
  >
    <div
      class="navbar__brand"
      data-testid="navbar-brand"
    >
      <svg
        color="blue"
        fill="currentColor"
        height="24"
        stroke="currentColor"
        stroke-width="0"
        style="color: blue;"
        viewBox="0 0 16 16"
        width="24"
        xmlns="http://www.w3.org/2000/svg"
      >
        <path
          d="M8.707 1.5a1 1 0 0 0-1.414 0L.646 8.146a.5.5 0 0 0 .708.708L8 2.207l6.646 6.647a.5.5 0 0 0 .708-.708L13 5.793V2.5a.5.5 0 0 0-.5-.5h-1a.5.5 0 0 0-.5.5v1.293z"
        />
        <path
          d="m8 3.293 6 6V13.5a1.5 1.5 0 0 1-1.5 1.5h-9A1.5 1.5 0 0 1 2 13.5V9.293z"
        />
      </svg>
      <h1>
        Housing Crisis
      </h1>
    </div>
    <ul
      class="navbar__links"
      data-testid="navbar__links"
    >
      <li>
        <a
          class="link"
          href="/"
        >
          Home
        </a>
      </li>
      <li>
        <a
          class="link"
          href="/components/button"
        >
          About
        </a>
      </li>
      <li>
        <a
          class="link"
          href="/docs"
          rel="noopener noreferrer"
          target="_blank"
        >
          Docs
        </a>
      </li>
      <li>
        <a
          aria-disabled="true"
          class="link link--disabled"
          href="/components/button"
          tabindex="-1"
        >
          Contact
        </a>
      </li>
      <li>
        <a
          class="link"
          href="https://github.com/EngineerLoureiro"
          rel="noopener noreferrer"
          target="_blank"
        >
          GitHub
        </a>
      </li>
    </ul>
    <ul
      class="navbar__buttons"
      data-testid="navbar__buttons"
    >
      <li
        class="navbar__slideout-menu_buttons-list_item"
      >
        <button
          class="btn btn-primary"
        >
          Login
        </button>
      </li>
      <li
        class="navbar__slideout-menu_buttons-list_item"
      >
        <button
          class="btn btn-secondary"
        >
          Sign Up
        </button>
      </li>
    </ul>
    <button
      aria-expanded="false"
      aria-label="Open menu"
      class="navbar__mobile-menu-icon"
    >
      <svg
        fill="none"
        height="1em"
        stroke="currentColor"
        stroke-width="0"
        viewBox="0 0 15 15"
        width="1em"
        xmlns="http://www.w3.org/2000/svg"
      >
        <path
          clip-rule="evenodd"
          d="M1.5 3C1.22386 3 1 3.22386 1 3.5C1 3.77614 1.22386 4 1.5 4H13.5C13.7761 4 14 3.77614 14 3.5C14 3.22386 13.7761 3 13.5 3H1.5ZM1 7.5C1 7.22386 1.22386 7 1.5 7H13.5C13.7761 7 14 7.22386 14 7.5C14 7.77614 13.7761 8 13.5 8H1.5C1.22386 8 1 7.77614 1 7.5ZM1 11.5C1 11.2239 1.22386 11 1.5 11H13.5C13.7761 11 14 11.2239 14 11.5C14 11.7761 13.7761 12 13.5 12H1.5C1.22386 12 1 11.7761 1 11.5Z"
          fill="currentColor"
          fill-rule="evenodd"
        />
      </svg>
    </button>
    <aside
      class="slideout-menu"
      data-testid="slideout-menu"
    >
      <div
        class="slideout-menu__header"
      >
        <div
          class="slideout-menu__brand"
        >
          <svg
            color="blue"
            fill="currentColor"
            height="24"
            stroke="currentColor"
            stroke-width="0"
            style="color: blue;"
            viewBox="0 0 16 16"
            width="24"
            xmlns="http://www.w3.org/2000/svg"
          >
            <path
              d="M8.707 1.5a1 1 0 0 0-1.414 0L.646 8.146a.5.5 0 0 0 .708.708L8 2.207l6.646 6.647a.5.5 0 0 0 .708-.708L13 5.793V2.5a.5.5 0 0 0-.5-.5h-1a.5.5 0 0 0-.5.5v1.293z"
            />
            <path
              d="m8 3.293 6 6V13.5a1.5 1.5 0 0 1-1.5 1.5h-9A1.5 1.5 0 0 1 2 13.5V9.293z"
            />
          </svg>
           
          <h2>
            Housing Crisis
          </h2>
        </div>
        <button
          aria-label="Close menu"
          class="slideout-menu__close"
        >
          <svg
            fill="currentColor"
            height="1em"
            stroke="currentColor"
            stroke-width="0"
            viewBox="0 0 24 24"
            width="1em"
            xmlns="http://www.w3.org/2000/svg"
          >
            <path
              d="M5.72 5.72a.75.75 0 0 1 1.06 0L12 10.94l5.22-5.22a.749.749 0 0 1 1.275.326.749.749 0 0 1-.215.734L13.06 12l5.22 5.22a.749.749 0 0 1-.326 1.275.749.749 0 0 1-.734-.215L12 13.06l-5.22 5.22a.751.751 0 0 1-1.042-.018.751.751 0 0 1-.018-1.042L10.94 12 5.72 6.78a.75.75 0 0 1 0-1.06Z"
            />
          </svg>
        </button>
      </div>
      <ul
        class="navbar__slideout-menu_links"
      >
        <li>
          <a
            class="link"
            href="/"
          >
            Home
          </a>
        </li>
        <li>
          <a
            class="link"
            href="/components/button"
          >
            About
          </a>
        </li>
        <li>
          <a
            class="link"
            href="/docs"
            rel="noopener noreferrer"
            target="_blank"
          >
            Docs
          </a>
        </li>
        <li>
          <a
            aria-disabled="true"
            class="link link--disabled"
            href="/components/button"
            tabindex="-1"
          >
            Contact
          </a>
        </li>
        <li>
          <a
            class="link"
            href="https://github.com/EngineerLoureiro"
            rel="noopener noreferrer"
            target="_blank"
          >
            GitHub
          </a>
        </li>
      </ul>
      <ul
        class="navbar__slideout-menu_buttons"
      >
        <li
          class="navbar__slideout-menu_buttons-list_item"
        >
          <button
            class="btn btn-primary"
          >
            Login
          </button>
        </li>
        <li
          class="navbar__slideout-menu_buttons-list_item"
        >
          <button
            class="btn btn-secondary"
          >
            Sign Up
          </button>
        </li>
      </ul>
    </aside>
  </div>
</DocumentFragment>
`;
